// Jest Snapshot v1, https://goo.gl/fbAQLP

exports[`test test 1`] = `
<button>
  按钮
</button>
`;
